\BOOKMARK [0][-]{chapter.1}{\376\377\000W\000s\000t\001\031\000p}{}% 1
\BOOKMARK [1][-]{section.1.1}{\376\377\000M\000o\000t\000y\000w\000a\000c\000j\000a}{chapter.1}% 2
\BOOKMARK [1][-]{section.1.2}{\376\377\000C\000e\000l}{chapter.1}% 3
\BOOKMARK [1][-]{section.1.3}{\376\377\000Z\000a\000w\000a\000r\000t\000o\001\133\001\007\000\040\000p\000r\000a\000c\000y}{chapter.1}% 4
\BOOKMARK [0][-]{chapter.2}{\376\377\000M\000e\000t\000o\000d\000y\000\040\000a\000t\000a\000k\000u\000\040\000n\000a\000\040\000d\000u\001\174\000e\000\040\000m\000o\000d\000e\000l\000e\000\040\000j\001\031\000z\000y\000k\000o\000w\000e}{}% 5
\BOOKMARK [0][-]{chapter.3}{\376\377\000M\000e\000t\000o\000d\000y\000\040\000o\000b\000r\000o\000n\000y\000\040\000p\000r\000z\000e\000d\000\040\000a\000t\000a\000k\000a\000m\000i\000\040\000n\000a\000\040\000d\000u\001\174\000e\000\040\000m\000o\000d\000e\000l\000e\000\040\000j\001\031\000z\000y\000k\000o\000w\000e}{}% 6
\BOOKMARK [1][-]{section.3.1}{\376\377\000M\000e\000t\000o\000d\000y\000\040\000t\000e\000k\000s\000t\000o\000w\000e}{chapter.3}% 7
\BOOKMARK [1][-]{section.3.2}{\376\377\000Z\000e\000w\000n\001\031\000t\000r\000z\000n\000e\000\040\000m\000o\000d\000e\000l\000e\000\040\000m\000o\000d\000e\000r\000a\000c\000y\000j\000n\000e}{chapter.3}% 8
\BOOKMARK [1][-]{section.3.3}{\376\377\000M\000e\000t\000o\000d\000y\000\040\000w\000e\000w\000n\001\031\000t\000r\000z\000n\000e}{chapter.3}% 9
\BOOKMARK [0][-]{chapter.4}{\376\377\000P\000r\000o\000j\000e\000k\000t\000\040\000i\000\040\000i\000m\000p\000l\000e\000m\000e\000n\000t\000a\000c\000j\000a\000\040\001\133\000r\000o\000d\000o\000w\000i\000s\000k\000a\000\040\000b\000a\000d\000a\000w\000c\000z\000e\000g\000o}{}% 10
\BOOKMARK [1][-]{section.4.1}{\376\377\000A\000r\000c\000h\000i\000t\000e\000k\000t\000u\000r\000a\000\040\000s\000y\000s\000t\000e\000m\000u\000\040\000t\000e\000s\000t\000o\000w\000e\000g\000o}{chapter.4}% 11
\BOOKMARK [1][-]{section.4.2}{\376\377\000M\000o\000d\000e\000l\000e\000\040\000j\001\031\000z\000y\000k\000o\000w\000e}{chapter.4}% 12
\BOOKMARK [1][-]{section.4.3}{\376\377\000Z\000b\000i\000o\000r\000y\000\040\000d\000a\000n\000y\000c\000h}{chapter.4}% 13
\BOOKMARK [1][-]{section.4.4}{\376\377\000I\000m\000p\000l\000e\000m\000e\000n\000t\000a\000c\000j\000a\000\040\000w\000y\000b\000r\000a\000n\000y\000c\000h\000\040\000m\000e\000t\000o\000d\000\040\000o\000b\000r\000o\000n\000y}{chapter.4}% 14
\BOOKMARK [1][-]{section.4.5}{\376\377\000M\000e\000t\000r\000y\000k\000i}{chapter.4}% 15
\BOOKMARK [0][-]{chapter.5}{\376\377\000A\000n\000a\000l\000i\000z\000a\000\040\000w\000y\000n\000i\000k\000\363\000w\000\040\000b\000a\000d\000a\001\104}{}% 16
\BOOKMARK [0][-]{chapter.6}{\376\377\000P\000o\000d\000s\000u\000m\000o\000w\000a\000n\000i\000e}{}% 17
\BOOKMARK [1][-]{section.6.1}{\376\377\000P\000o\000d\000s\000u\000m\000o\000w\000a\000n\000i\000e}{chapter.6}% 18
\BOOKMARK [1][-]{section.6.2}{\376\377\000M\000o\001\174\000l\000i\000w\000o\001\133\000c\000i\000\040\000d\000a\000l\000s\000z\000y\000c\000h\000\040\000b\000a\000d\000a\001\104}{chapter.6}% 19
\BOOKMARK [0][-]{section*.2}{\376\377\000B\000i\000b\000l\000i\000o\000g\000r\000a\000f\000i\000a}{}% 20
\BOOKMARK [0][-]{chapter*.3}{\376\377\000W\000y\000k\000a\000z\000\040\000s\000k\000r\000\363\000t\000\363\000w}{}% 21
\BOOKMARK [0][-]{chapter*.4}{\376\377\000S\000p\000i\000s\000\040\000r\000y\000s\000u\000n\000k\000\363\000w}{}% 22
